Subject: ✅ TrendTrivia Weekly Generation Successful - 41 Questions Generated


🎉 Weekly AI Question Generation Completed Successfully!

📊 GENERATION SUMMARY:
• Total Questions Generated: 41 (Target: 90-120)
• Successful Timeframes: 1/3
• Failed Timeframes: 0
• Generation Time: 44.2 seconds
• Trigger Source: manual

📈 TIMEFRAME BREAKDOWN:
❌ Last Week: 0 questions
❌ Last Month: 0 questions
❌ Last Year: 0 questions

📚 QUESTION BREAKDOWN BY TOPIC:
Technology: 10 questions
  - Last Week: 0 questions
  - Last Month: 0 questions
  - Last Year: 0 questions

Pop Culture: 10 questions
  - Last Week: 0 questions
  - Last Month: 0 questions
  - Last Year: 0 questions

Finance: 10 questions
  - Last Week: 0 questions
  - Last Month: 0 questions
  - Last Year: 0 questions

Start-Ups: 11 questions
  - Last Week: 0 questions
  - Last Month: 0 questions
  - Last Year: 0 questions


💾 STORED BATCHES:
• undefined: Batch batch-1755073551555-eq3kop (41 questions)



✅ SYSTEM STATUS:
• Archive Management: Completed (4-week retention)
• Batch Activation: 1 batches activated
• Minimum Requirements: Not Met (2+ timeframes)

🔗 NEXT STEPS:
• New questions are now active in the TrendTrivia app
• Old questions (4+ weeks) have been archived
• Next generation scheduled for next Monday 9AM EST

---
Generated on: 2025-08-13T08:25:52.442Z
TrendTrivia Automated System
